=== training LightGBM ranker ===
/opt/miniconda3/lib/python3.14/site-packages/lightgbm/sklearn.py:969: UserWarning: Found 'eval_at' in params. Will use it instead of 'eval_at' argument
  _log_warning(f"Found '{alias}' in params. Will use it instead of 'eval_at' argument")
/opt/miniconda3/lib/python3.14/site-packages/lightgbm/sklearn.py:1106: LGBMDeprecationWarning: The argument 'eval_set' is deprecated, use 'eval_X' and 'eval_y' instead.
  eval_set = _validate_eval_set_Xy(eval_set=eval_set, eval_X=eval_X, eval_y=eval_y)
[LightGBM] [Warning] Met categorical feature which contains sparse values. Consider renumbering to consecutive integers started from zero
[LightGBM] [Warning] Met categorical feature which contains sparse values. Consider renumbering to consecutive integers started from zero
[LightGBM] [Warning] Met categorical feature which contains sparse values. Consider renumbering to consecutive integers started from zero
[LightGBM] [Warning] Met categorical feature which contains sparse values. Consider renumbering to consecutive integers started from zero
[LightGBM] [Warning] Met categorical feature which contains sparse values. Consider renumbering to consecutive integers started from zero
[LightGBM] [Warning] Met categorical feature which contains sparse values. Consider renumbering to consecutive integers started from zero
[LightGBM] [Warning] Met categorical feature which contains sparse values. Consider renumbering to consecutive integers started from zero
/opt/miniconda3/lib/python3.14/site-packages/lightgbm/sklearn.py:969: UserWarning: Found 'eval_at' in params. Will use it instead of 'eval_at' argument
  _log_warning(f"Found '{alias}' in params. Will use it instead of 'eval_at' argument")
/opt/miniconda3/lib/python3.14/site-packages/lightgbm/sklearn.py:969: UserWarning: Found 'eval_at' in params. Will use it instead of 'eval_at' argument
  _log_warning(f"Found '{alias}' in params. Will use it instead of 'eval_at' argument")
/opt/miniconda3/lib/python3.14/site-packages/lightgbm/sklearn.py:969: UserWarning: Found 'eval_at' in params. Will use it instead of 'eval_at' argument
  _log_warning(f"Found '{alias}' in params. Will use it instead of 'eval_at' argument")
/opt/miniconda3/lib/python3.14/site-packages/lightgbm/sklearn.py:969: UserWarning: Found 'eval_at' in params. Will use it instead of 'eval_at' argument
  _log_warning(f"Found '{alias}' in params. Will use it instead of 'eval_at' argument")
best_iteration=292  valid={'GAUC': np.float32(0.7073281), 'nDCG@5': np.float32(0.55653954), 'primary': np.float32(0.6319338), 'users': 22377, 'rows': 124909}  test={'GAUC': np.float32(0.7011015), 'nDCG@5': np.float32(0.5523118), 'primary': np.float32(0.6267066), 'users': 23875, 'rows': 170588}

=== retraining FM 5-seed ensemble (iter38 exact method) ===
  fm seed 0 done
  fm seed 1 done
  fm seed 2 done
  fm seed 3 done
  fm seed 4 done

FM ensemble (sanity check vs iter38): valid=0.63988 test=0.64187

=== blend sweep (alpha = weight on FM ensemble) ===
  alpha=0.0  valid_primary=0.63193
  alpha=0.1  valid_primary=0.63303
  alpha=0.2  valid_primary=0.63375
  alpha=0.3  valid_primary=0.63446
  alpha=0.4  valid_primary=0.63513
  alpha=0.5  valid_primary=0.63618
  alpha=0.6  valid_primary=0.63700
  alpha=0.7  valid_primary=0.63794
  alpha=0.8  valid_primary=0.63934
  alpha=0.9  valid_primary=0.63997
  alpha=1.0  valid_primary=0.63988

best alpha (on valid) = 0.9  valid=0.63997  test=0.63926
reference: FM-only ensemble valid=0.63988 test=0.64187
reference: LightGBM-only valid=0.63193 test=0.62671

wrote blend_results.json
