=== [1/4] rebuilding yixi's chained causal feature frames (through iterYIXI10) ===
  computing timestamp-causal watch-depth histories
  rebuilding iter63 causal rows without writing shared caches
  computing exact 5-day user pair with imported decay function
  train/valid/test rows = 1141112/124909/170588

=== [2/4] training LightGBM (yixi10 columns) and XGBoost (yixi5-tuned) at seed 0 ===
/opt/miniconda3/lib/python3.14/site-packages/lightgbm/sklearn.py:969: UserWarning: Found 'eval_at' in params. Will use it instead of 'eval_at' argument
  _log_warning(f"Found '{alias}' in params. Will use it instead of 'eval_at' argument")
/opt/miniconda3/lib/python3.14/site-packages/lightgbm/sklearn.py:1106: LGBMDeprecationWarning: The argument 'eval_set' is deprecated, use 'eval_X' and 'eval_y' instead.
  eval_set = _validate_eval_set_Xy(eval_set=eval_set, eval_X=eval_X, eval_y=eval_y)
/opt/miniconda3/lib/python3.14/site-packages/lightgbm/sklearn.py:969: UserWarning: Found 'eval_at' in params. Will use it instead of 'eval_at' argument
  _log_warning(f"Found '{alias}' in params. Will use it instead of 'eval_at' argument")
/opt/miniconda3/lib/python3.14/site-packages/lightgbm/sklearn.py:969: UserWarning: Found 'eval_at' in params. Will use it instead of 'eval_at' argument
  _log_warning(f"Found '{alias}' in params. Will use it instead of 'eval_at' argument")
  LGB standalone valid=0.68834
  XGB standalone valid=0.66755

=== [3/4] training FM 5-seed ensemble (iter38 exact config) ===
  training FM seed 0...
  training FM seed 1...
  training FM seed 2...
  training FM seed 3...
  training FM seed 4...
  FM ensemble standalone valid=0.63988

=== [4/4] blending (within-user percentile, 10% FM / 52% LGB / 38% XGB) ===

final blend: valid primary=0.69943  test primary=0.68432
wrote submission.csv (170588 rows)
submit.py format/alignment check: PASSED (170588 rows)
