=== training native-feature LightGBM ranker (num_leaves=2, linear_tree=True, lr=0.10, decay_tab_rate_3, iter63's winner) ===
/opt/miniconda3/lib/python3.14/site-packages/lightgbm/sklearn.py:969: UserWarning: Found 'eval_at' in params. Will use it instead of 'eval_at' argument
  _log_warning(f"Found '{alias}' in params. Will use it instead of 'eval_at' argument")
/opt/miniconda3/lib/python3.14/site-packages/lightgbm/sklearn.py:1106: LGBMDeprecationWarning: The argument 'eval_set' is deprecated, use 'eval_X' and 'eval_y' instead.
  eval_set = _validate_eval_set_Xy(eval_set=eval_set, eval_X=eval_X, eval_y=eval_y)
/opt/miniconda3/lib/python3.14/site-packages/lightgbm/sklearn.py:969: UserWarning: Found 'eval_at' in params. Will use it instead of 'eval_at' argument
  _log_warning(f"Found '{alias}' in params. Will use it instead of 'eval_at' argument")
/opt/miniconda3/lib/python3.14/site-packages/lightgbm/sklearn.py:969: UserWarning: Found 'eval_at' in params. Will use it instead of 'eval_at' argument
  _log_warning(f"Found '{alias}' in params. Will use it instead of 'eval_at' argument")
[rate_only] best_iteration=48  valid=0.67168  test=0.65353
  GBM standalone: valid=0.67168 test=0.65353
/opt/miniconda3/lib/python3.14/site-packages/lightgbm/sklearn.py:969: UserWarning: Found 'eval_at' in params. Will use it instead of 'eval_at' argument
  _log_warning(f"Found '{alias}' in params. Will use it instead of 'eval_at' argument")
/opt/miniconda3/lib/python3.14/site-packages/lightgbm/sklearn.py:969: UserWarning: Found 'eval_at' in params. Will use it instead of 'eval_at' argument
  _log_warning(f"Found '{alias}' in params. Will use it instead of 'eval_at' argument")

=== training FM 5-seed ensemble (iter38 exact config) ===
  training FM seed 0...
  training FM seed 1...
  training FM seed 2...
  training FM seed 3...
  training FM seed 4...
  FM ensemble standalone: valid=0.63988 test=0.64187

=== blending (alpha=0.14, 86% GBM / 14% FM) ===

iter63 blend: valid primary=0.67606  test primary=0.65955
wrote submission.csv (170588 rows)
submit.py format/alignment check: PASSED (170588 rows)
