=== GBM (linear_tree=True, learning_rate=0.10, iter55, seed=0) ===
/opt/miniconda3/lib/python3.14/site-packages/lightgbm/sklearn.py:969: UserWarning: Found 'eval_at' in params. Will use it instead of 'eval_at' argument
  _log_warning(f"Found '{alias}' in params. Will use it instead of 'eval_at' argument")
/opt/miniconda3/lib/python3.14/site-packages/lightgbm/sklearn.py:1106: LGBMDeprecationWarning: The argument 'eval_set' is deprecated, use 'eval_X' and 'eval_y' instead.
  eval_set = _validate_eval_set_Xy(eval_set=eval_set, eval_X=eval_X, eval_y=eval_y)
/opt/miniconda3/lib/python3.14/site-packages/lightgbm/sklearn.py:969: UserWarning: Found 'eval_at' in params. Will use it instead of 'eval_at' argument
  _log_warning(f"Found '{alias}' in params. Will use it instead of 'eval_at' argument")
/opt/miniconda3/lib/python3.14/site-packages/lightgbm/sklearn.py:969: UserWarning: Found 'eval_at' in params. Will use it instead of 'eval_at' argument
  _log_warning(f"Found '{alias}' in params. Will use it instead of 'eval_at' argument")
/opt/miniconda3/lib/python3.14/site-packages/lightgbm/sklearn.py:969: UserWarning: Found 'eval_at' in params. Will use it instead of 'eval_at' argument
  _log_warning(f"Found '{alias}' in params. Will use it instead of 'eval_at' argument")
/opt/miniconda3/lib/python3.14/site-packages/lightgbm/sklearn.py:969: UserWarning: Found 'eval_at' in params. Will use it instead of 'eval_at' argument
  _log_warning(f"Found '{alias}' in params. Will use it instead of 'eval_at' argument")
  GBM standalone: valid=0.67052 test=0.65277

=== FM 5-seed ensemble RETRAINED at lr=0.0005 (iter61 finding) ===
  FM ensemble standalone (lr=0.0005): valid=0.64034 test=0.64203
  [compare] FM ensemble (lr=0.001, iter55 blend): valid=0.63988 test=0.64187

=== alpha sweep (FM weight) on valid, direct metric ===
  best alpha=0.12 -> valid=0.67475 test=0.65804

  [compare] iter55 blend (FM lr=0.001, alpha=0.10): valid=0.67451 test=0.65832
  [compare] iter61 blend (FM lr=0.0005, alpha=0.12): valid=0.67475 test=0.65804

wrote blend_results.json
