loading iterYIXI9 reference frames (shared base for all 6 ablations)
=== axis=author ===
  attached column decay_author_rate_3
  fitting LGB reference+decay_author_rate_3 (seed=0)...
/opt/miniconda3/lib/python3.14/site-packages/lightgbm/sklearn.py:969: UserWarning: Found 'eval_at' in params. Will use it instead of 'eval_at' argument
  _log_warning(f"Found '{alias}' in params. Will use it instead of 'eval_at' argument")
/opt/miniconda3/lib/python3.14/site-packages/lightgbm/sklearn.py:1106: LGBMDeprecationWarning: The argument 'eval_set' is deprecated, use 'eval_X' and 'eval_y' instead.
  eval_set = _validate_eval_set_Xy(eval_set=eval_set, eval_X=eval_X, eval_y=eval_y)
/opt/miniconda3/lib/python3.14/site-packages/lightgbm/sklearn.py:969: UserWarning: Found 'eval_at' in params. Will use it instead of 'eval_at' argument
  _log_warning(f"Found '{alias}' in params. Will use it instead of 'eval_at' argument")
    LGB primary=0.67689133 delta=+0.000000
  fitting XGB reference+decay_author_rate_3 (seed=0)...
    XGB primary=0.66976142 delta=+0.000000
=== axis=durbucket ===
  attached column decay_durbucket_rate_3
  fitting LGB reference+decay_durbucket_rate_3 (seed=0)...
/opt/miniconda3/lib/python3.14/site-packages/lightgbm/sklearn.py:969: UserWarning: Found 'eval_at' in params. Will use it instead of 'eval_at' argument
  _log_warning(f"Found '{alias}' in params. Will use it instead of 'eval_at' argument")
/opt/miniconda3/lib/python3.14/site-packages/lightgbm/sklearn.py:1106: LGBMDeprecationWarning: The argument 'eval_set' is deprecated, use 'eval_X' and 'eval_y' instead.
  eval_set = _validate_eval_set_Xy(eval_set=eval_set, eval_X=eval_X, eval_y=eval_y)
/opt/miniconda3/lib/python3.14/site-packages/lightgbm/sklearn.py:969: UserWarning: Found 'eval_at' in params. Will use it instead of 'eval_at' argument
  _log_warning(f"Found '{alias}' in params. Will use it instead of 'eval_at' argument")
    LGB primary=0.67689133 delta=+0.000000
  fitting XGB reference+decay_durbucket_rate_3 (seed=0)...
    XGB primary=0.66976142 delta=+0.000000
=== axis=hour ===
  attached column decay_hour_rate_3
  fitting LGB reference+decay_hour_rate_3 (seed=0)...
/opt/miniconda3/lib/python3.14/site-packages/lightgbm/sklearn.py:969: UserWarning: Found 'eval_at' in params. Will use it instead of 'eval_at' argument
  _log_warning(f"Found '{alias}' in params. Will use it instead of 'eval_at' argument")
/opt/miniconda3/lib/python3.14/site-packages/lightgbm/sklearn.py:1106: LGBMDeprecationWarning: The argument 'eval_set' is deprecated, use 'eval_X' and 'eval_y' instead.
  eval_set = _validate_eval_set_Xy(eval_set=eval_set, eval_X=eval_X, eval_y=eval_y)
/opt/miniconda3/lib/python3.14/site-packages/lightgbm/sklearn.py:969: UserWarning: Found 'eval_at' in params. Will use it instead of 'eval_at' argument
  _log_warning(f"Found '{alias}' in params. Will use it instead of 'eval_at' argument")
    LGB primary=0.67689133 delta=+0.000000
  fitting XGB reference+decay_hour_rate_3 (seed=0)...
    XGB primary=0.66976142 delta=+0.000000
wrote /Users/nigelyeap/Documents/tiktok-techjam/track2/kuairand-starter-kit/experiments/iterMERGE2_decay_axis_transfer/ablation_results.json; any_promising=False
