=== [1/8] loading yixi's YIXI10 feature frames (via iterMERGE5 module) ===
  rows train/valid/test = 1141112/124909/170588
=== [2/8] harness-fidelity: LGB/XGB (seed 0) + FM (5-seed ensemble) ===
/opt/miniconda3/lib/python3.14/site-packages/lightgbm/sklearn.py:969: UserWarning: Found 'eval_at' in params. Will use it instead of 'eval_at' argument
  _log_warning(f"Found '{alias}' in params. Will use it instead of 'eval_at' argument")
/opt/miniconda3/lib/python3.14/site-packages/lightgbm/sklearn.py:1106: LGBMDeprecationWarning: The argument 'eval_set' is deprecated, use 'eval_X' and 'eval_y' instead.
  eval_set = _validate_eval_set_Xy(eval_set=eval_set, eval_X=eval_X, eval_y=eval_y)
/opt/miniconda3/lib/python3.14/site-packages/lightgbm/sklearn.py:969: UserWarning: Found 'eval_at' in params. Will use it instead of 'eval_at' argument
  _log_warning(f"Found '{alias}' in params. Will use it instead of 'eval_at' argument")
/opt/miniconda3/lib/python3.14/site-packages/lightgbm/sklearn.py:969: UserWarning: Found 'eval_at' in params. Will use it instead of 'eval_at' argument
  _log_warning(f"Found '{alias}' in params. Will use it instead of 'eval_at' argument")
  LGB candidate valid primary = 0.68834144  (ref 0.68834144)
  XGB valid primary           = 0.66755420  (ref 0.66755420)
  fitting FM seed=0
  fitting FM seed=1
  fitting FM seed=2
  fitting FM seed=3
  fitting FM seed=4
  FM ensemble valid primary   = 0.63987792  (ref 0.63987792)
  harness A all_pass_1e-6 = True  deltas={'lgb_candidate_valid': np.float32(0.0), 'xgb_valid': np.float32(0.0), 'fm_valid': np.float32(0.0), 'blend_valid': np.float32(0.0), 'blend_test': np.float32(0.0)}
  [wrote <repo>/experiments/iterMERGE9_cv_regularized_blend/results.json]

=== [3/8] harness-fidelity: iter63 rate_only standalone + row alignment ===
/opt/miniconda3/lib/python3.14/site-packages/lightgbm/sklearn.py:969: UserWarning: Found 'eval_at' in params. Will use it instead of 'eval_at' argument
  _log_warning(f"Found '{alias}' in params. Will use it instead of 'eval_at' argument")
/opt/miniconda3/lib/python3.14/site-packages/lightgbm/sklearn.py:1106: LGBMDeprecationWarning: The argument 'eval_set' is deprecated, use 'eval_X' and 'eval_y' instead.
  eval_set = _validate_eval_set_Xy(eval_set=eval_set, eval_X=eval_X, eval_y=eval_y)
/opt/miniconda3/lib/python3.14/site-packages/lightgbm/sklearn.py:969: UserWarning: Found 'eval_at' in params. Will use it instead of 'eval_at' argument
  _log_warning(f"Found '{alias}' in params. Will use it instead of 'eval_at' argument")
/opt/miniconda3/lib/python3.14/site-packages/lightgbm/sklearn.py:969: UserWarning: Found 'eval_at' in params. Will use it instead of 'eval_at' argument
  _log_warning(f"Found '{alias}' in params. Will use it instead of 'eval_at' argument")
[rate_only] best_iteration=48  valid=0.67168  test=0.65353
  iter63 rate_only seed0 valid = 0.6716787219  (ref 0.6716787219)  pass=True
  [wrote <repo>/experiments/iterMERGE9_cv_regularized_blend/results.json]
  [valid] rows=124909  user_id_mismatches=0  video_id_mismatches(excl nan)=0  label_mismatches=0
  [test] rows=170588  user_id_mismatches=0  video_id_mismatches(excl nan)=0  label_mismatches=0
  [wrote <repo>/experiments/iterMERGE9_cv_regularized_blend/results.json]
  row alignment OK = True

  training iter63 rate_only GBM at 5 seeds, sigmoid-mean ensemble
/opt/miniconda3/lib/python3.14/site-packages/lightgbm/sklearn.py:969: UserWarning: Found 'eval_at' in params. Will use it instead of 'eval_at' argument
  _log_warning(f"Found '{alias}' in params. Will use it instead of 'eval_at' argument")
/opt/miniconda3/lib/python3.14/site-packages/lightgbm/sklearn.py:969: UserWarning: Found 'eval_at' in params. Will use it instead of 'eval_at' argument
  _log_warning(f"Found '{alias}' in params. Will use it instead of 'eval_at' argument")
/opt/miniconda3/lib/python3.14/site-packages/lightgbm/sklearn.py:969: UserWarning: Found 'eval_at' in params. Will use it instead of 'eval_at' argument
  _log_warning(f"Found '{alias}' in params. Will use it instead of 'eval_at' argument")
/opt/miniconda3/lib/python3.14/site-packages/lightgbm/sklearn.py:1106: LGBMDeprecationWarning: The argument 'eval_set' is deprecated, use 'eval_X' and 'eval_y' instead.
  eval_set = _validate_eval_set_Xy(eval_set=eval_set, eval_X=eval_X, eval_y=eval_y)
/opt/miniconda3/lib/python3.14/site-packages/lightgbm/sklearn.py:969: UserWarning: Found 'eval_at' in params. Will use it instead of 'eval_at' argument
  _log_warning(f"Found '{alias}' in params. Will use it instead of 'eval_at' argument")
/opt/miniconda3/lib/python3.14/site-packages/lightgbm/sklearn.py:969: UserWarning: Found 'eval_at' in params. Will use it instead of 'eval_at' argument
  _log_warning(f"Found '{alias}' in params. Will use it instead of 'eval_at' argument")
/opt/miniconda3/lib/python3.14/site-packages/lightgbm/sklearn.py:969: UserWarning: Found 'eval_at' in params. Will use it instead of 'eval_at' argument
  _log_warning(f"Found '{alias}' in params. Will use it instead of 'eval_at' argument")
/opt/miniconda3/lib/python3.14/site-packages/lightgbm/sklearn.py:969: UserWarning: Found 'eval_at' in params. Will use it instead of 'eval_at' argument
  _log_warning(f"Found '{alias}' in params. Will use it instead of 'eval_at' argument")
    seed=1  valid=0.671052  test=0.653234
/opt/miniconda3/lib/python3.14/site-packages/lightgbm/sklearn.py:969: UserWarning: Found 'eval_at' in params. Will use it instead of 'eval_at' argument
  _log_warning(f"Found '{alias}' in params. Will use it instead of 'eval_at' argument")
/opt/miniconda3/lib/python3.14/site-packages/lightgbm/sklearn.py:1106: LGBMDeprecationWarning: The argument 'eval_set' is deprecated, use 'eval_X' and 'eval_y' instead.
  eval_set = _validate_eval_set_Xy(eval_set=eval_set, eval_X=eval_X, eval_y=eval_y)
/opt/miniconda3/lib/python3.14/site-packages/lightgbm/sklearn.py:969: UserWarning: Found 'eval_at' in params. Will use it instead of 'eval_at' argument
  _log_warning(f"Found '{alias}' in params. Will use it instead of 'eval_at' argument")
/opt/miniconda3/lib/python3.14/site-packages/lightgbm/sklearn.py:969: UserWarning: Found 'eval_at' in params. Will use it instead of 'eval_at' argument
  _log_warning(f"Found '{alias}' in params. Will use it instead of 'eval_at' argument")
/opt/miniconda3/lib/python3.14/site-packages/lightgbm/sklearn.py:969: UserWarning: Found 'eval_at' in params. Will use it instead of 'eval_at' argument
  _log_warning(f"Found '{alias}' in params. Will use it instead of 'eval_at' argument")
/opt/miniconda3/lib/python3.14/site-packages/lightgbm/sklearn.py:969: UserWarning: Found 'eval_at' in params. Will use it instead of 'eval_at' argument
  _log_warning(f"Found '{alias}' in params. Will use it instead of 'eval_at' argument")
    seed=2  valid=0.671043  test=0.653201
/opt/miniconda3/lib/python3.14/site-packages/lightgbm/sklearn.py:969: UserWarning: Found 'eval_at' in params. Will use it instead of 'eval_at' argument
  _log_warning(f"Found '{alias}' in params. Will use it instead of 'eval_at' argument")
/opt/miniconda3/lib/python3.14/site-packages/lightgbm/sklearn.py:1106: LGBMDeprecationWarning: The argument 'eval_set' is deprecated, use 'eval_X' and 'eval_y' instead.
  eval_set = _validate_eval_set_Xy(eval_set=eval_set, eval_X=eval_X, eval_y=eval_y)
/opt/miniconda3/lib/python3.14/site-packages/lightgbm/sklearn.py:969: UserWarning: Found 'eval_at' in params. Will use it instead of 'eval_at' argument
  _log_warning(f"Found '{alias}' in params. Will use it instead of 'eval_at' argument")
/opt/miniconda3/lib/python3.14/site-packages/lightgbm/sklearn.py:969: UserWarning: Found 'eval_at' in params. Will use it instead of 'eval_at' argument
  _log_warning(f"Found '{alias}' in params. Will use it instead of 'eval_at' argument")
/opt/miniconda3/lib/python3.14/site-packages/lightgbm/sklearn.py:969: UserWarning: Found 'eval_at' in params. Will use it instead of 'eval_at' argument
  _log_warning(f"Found '{alias}' in params. Will use it instead of 'eval_at' argument")
/opt/miniconda3/lib/python3.14/site-packages/lightgbm/sklearn.py:969: UserWarning: Found 'eval_at' in params. Will use it instead of 'eval_at' argument
  _log_warning(f"Found '{alias}' in params. Will use it instead of 'eval_at' argument")
    seed=3  valid=0.671043  test=0.653201
/opt/miniconda3/lib/python3.14/site-packages/lightgbm/sklearn.py:969: UserWarning: Found 'eval_at' in params. Will use it instead of 'eval_at' argument
  _log_warning(f"Found '{alias}' in params. Will use it instead of 'eval_at' argument")
/opt/miniconda3/lib/python3.14/site-packages/lightgbm/sklearn.py:1106: LGBMDeprecationWarning: The argument 'eval_set' is deprecated, use 'eval_X' and 'eval_y' instead.
  eval_set = _validate_eval_set_Xy(eval_set=eval_set, eval_X=eval_X, eval_y=eval_y)
/opt/miniconda3/lib/python3.14/site-packages/lightgbm/sklearn.py:969: UserWarning: Found 'eval_at' in params. Will use it instead of 'eval_at' argument
  _log_warning(f"Found '{alias}' in params. Will use it instead of 'eval_at' argument")
/opt/miniconda3/lib/python3.14/site-packages/lightgbm/sklearn.py:969: UserWarning: Found 'eval_at' in params. Will use it instead of 'eval_at' argument
  _log_warning(f"Found '{alias}' in params. Will use it instead of 'eval_at' argument")
/opt/miniconda3/lib/python3.14/site-packages/lightgbm/sklearn.py:969: UserWarning: Found 'eval_at' in params. Will use it instead of 'eval_at' argument
  _log_warning(f"Found '{alias}' in params. Will use it instead of 'eval_at' argument")
/opt/miniconda3/lib/python3.14/site-packages/lightgbm/sklearn.py:969: UserWarning: Found 'eval_at' in params. Will use it instead of 'eval_at' argument
  _log_warning(f"Found '{alias}' in params. Will use it instead of 'eval_at' argument")
    seed=4  valid=0.671052  test=0.653234
  iter63 5-seed ensemble: valid=0.67141676 (ref 0.67141676) test=0.65336251 (ref 0.65336251)  pass=True
  [wrote <repo>/experiments/iterMERGE9_cv_regularized_blend/results.json]
  MERGE5 raw-4model-blend sanity: valid=0.69981837 (claimed 0.69981837) test=0.68367088 (claimed 0.68367088) pass=True
  [wrote <repo>/experiments/iterMERGE9_cv_regularized_blend/results.json]

=== HARNESS FIDELITY FULLY CONFIRMED (7 checks, all exact) -- proceeding to CV-regularized search ===

=== [4/8] building 5-fold user-level CV fold masks over valid ===
  fold row sizes = [25085, 25094, 24840, 24982, 24908]  (sum=124909, total rows=124909)
  fold user counts = [4476, 4476, 4475, 4475, 4475]  (sum=22377, total users=22377)
  [wrote <repo>/experiments/iterMERGE9_cv_regularized_blend/results.json]

=== [5/8] CV mean valid AT iterMERGE5's original best point ===
  iterMERGE5 point weights = {'fm': 0.072, 'lgb': 0.5184, 'xgb': 0.3296, 'i63': 0.08}
  single-split valid = 0.69981837  (claimed 0.69981837)
  CV mean valid      = 0.69979823  (fold primaries: ['0.702313', '0.699951', '0.696766', '0.695340', '0.704623'])
  test (record only) = 0.68367088  (claimed 0.68367088)
  [wrote <repo>/experiments/iterMERGE9_cv_regularized_blend/results.json]

=== [6/8] coarse sweep over i63 weight, scored by CV mean valid ===
  coarse w_i63=0.00  single_split_valid=0.69943440  cv_mean_valid=0.69941312
  coarse w_i63=0.02  single_split_valid=0.69946498  cv_mean_valid=0.69944686
  coarse w_i63=0.05  single_split_valid=0.69931996  cv_mean_valid=0.69929844
  coarse w_i63=0.08  single_split_valid=0.69952005  cv_mean_valid=0.69949651
  coarse w_i63=0.10  single_split_valid=0.69943666  cv_mean_valid=0.69941342
  coarse w_i63=0.12  single_split_valid=0.69939601  cv_mean_valid=0.69937336
  coarse w_i63=0.15  single_split_valid=0.69892651  cv_mean_valid=0.69890356
  coarse w_i63=0.20  single_split_valid=0.69837856  cv_mean_valid=0.69835395
  coarse w_i63=0.25  single_split_valid=0.69748712  cv_mean_valid=0.69746196
  coarse w_i63=0.30  single_split_valid=0.69555748  cv_mean_valid=0.69553113
  [wrote <repo>/experiments/iterMERGE9_cv_regularized_blend/results.json]
  best coarse point (by CV mean): {'fm': 0.09200000000000001, 'lgb': 0.47840000000000005, 'xgb': 0.3496, 'i63': 0.08}  cv_mean_valid=0.69949651

=== [7/8] local fine grid refinement around best coarse point, scored by CV mean valid ===
  fine grid: 125 combos evaluated
    cv_mean_valid=0.69979733  single_split_valid=0.69981754  test=0.68366760  weights={'fm': 0.07200000000000001, 'lgb': 0.5184000000000001, 'xgb': 0.3296, 'i63': 0.08}
    cv_mean_valid=0.69977844  single_split_valid=0.69980049  test=0.68345177  weights={'fm': 0.05200000000000001, 'lgb': 0.5184000000000001, 'xgb': 0.3495999999999999, 'i63': 0.08}
    cv_mean_valid=0.69977015  single_split_valid=0.69979024  test=0.68392932  weights={'fm': 0.07200000000000001, 'lgb': 0.5184000000000001, 'xgb': 0.3495999999999998, 'i63': 0.06}
    cv_mean_valid=0.69971198  single_split_valid=0.69973350  test=0.68398631  weights={'fm': 0.09200000000000001, 'lgb': 0.5184000000000001, 'xgb': 0.3295999999999999, 'i63': 0.06}
    cv_mean_valid=0.69967890  single_split_valid=0.69970179  test=0.68367648  weights={'fm': 0.07200000000000001, 'lgb': 0.49840000000000007, 'xgb': 0.3496, 'i63': 0.08}
  [wrote <repo>/experiments/iterMERGE9_cv_regularized_blend/results.json]

=== [8/8] verdict ===
  3-model reference valid          = 0.69943440
  3-model reference test           = 0.68432260
  iterMERGE5 original point: single-split=0.69981837  cv_mean=0.69979823  test=0.68367088
  CV-selected point weights        = {'fm': 0.07200000000000001, 'lgb': 0.5184000000000001, 'xgb': 0.3296, 'i63': 0.08}
  CV-selected point: cv_mean_valid = 0.69979733
  CV-selected point: single-split  = 0.69981754  (delta vs ref = +0.00038314)
  CV-selected point: test (record) = 0.68366760  (delta vs ref = -0.00065500)
  same point as iterMERGE5 original? True
  crossover resolved (test >= 3model ref test)? False
  VERDICT: PRELIMINARY (crossover NOT resolved -- same pattern as iterMERGE5)
  [wrote <repo>/experiments/iterMERGE9_cv_regularized_blend/results.json]

=== done in 506.2s ===
